// Jest Snapshot v1, https://goo.gl/fbAQLP

exports[`Pruebas en <FirstApp /> debe de hacer match con el snapshot 1`] = `
<div>
  <h1>
    Hola, Soy Goku
  </h1>
  <h4>
    No hay subtitulo
  </h4>
  <p
    data-testid="kitty"
  >
    Jade
  </p>
</div>
`;
